---
source: src/lexer/test.rs
expression: "lex(\"-12\")"

---
Ok(
    [
        Token {
            span: Span {
                start: 0,
                end: 3,
            },
            kind: Int(
                -12,
            ),
        },
    ],
)
