---
source: src/lexer/test.rs
expression: "lex(\"To\")"

---
Ok(
    [
        Token {
            span: Span {
                start: 0,
                end: 2,
            },
            kind: To,
        },
    ],
)
