---
source: src/lexer/test.rs
expression: "lex(\"Value\")"

---
Ok(
    [
        Token {
            span: Span {
                start: 0,
                end: 5,
            },
            kind: Value,
        },
    ],
)
