---
source: src/lexer/test.rs
expression: "lex(\"Greater\")"

---
Ok(
    [
        Token {
            span: Span {
                start: 0,
                end: 7,
            },
            kind: Greater,
        },
    ],
)
