---
source: src/lexer/test.rs
expression: "lex(\"True\")"

---
Ok(
    [
        Token {
            span: Span {
                start: 0,
                end: 4,
            },
            kind: True,
        },
    ],
)
