---
source: src/lexer/test.rs
expression: "lex(\"Check\")"

---
Ok(
    [
        Token {
            span: Span {
                start: 0,
                end: 5,
            },
            kind: Check,
        },
    ],
)
