---
source: src/lexer/test.rs
expression: "lex(\"Go\")"

---
Ok(
    [
        Token {
            span: Span {
                start: 0,
                end: 2,
            },
            kind: Go,
        },
    ],
)
