---
source: src/lexer/test.rs
expression: "lex(\"Initialize\")"

---
Ok(
    [
        Token {
            span: Span {
                start: 0,
                end: 10,
            },
            kind: Initialize,
        },
    ],
)
