---
source: src/lexer/test.rs
expression: "lex(\"Returns\")"

---
Ok(
    [
        Token {
            span: Span {
                start: 0,
                end: 7,
            },
            kind: Returns,
        },
    ],
)
