---
source: src/lexer/test.rs
expression: "lex(\"Otherwise\")"

---
Ok(
    [
        Token {
            span: Span {
                start: 0,
                end: 9,
            },
            kind: Otherwise,
        },
    ],
)
