---
source: tests/std.rs
expression: stderr

---

